src/time-management/time-management.service.ts(856,29): error TS2339: Property 'lateMinutes' does not exist on type 'Document<unknown, {}, Document<unknown, {}, AttendanceRecord, {}, {}> & AttendanceRecord & { _id: ObjectId; } & { __v: number; }, {}, {}> & ... 4 more ... & Required<...>'.
src/time-management/time-management.service.ts(907,45): error TS2339: Property 'isLate' does not exist on type 'Document<unknown, {}, Document<unknown, {}, AttendanceRecord, {}, {}> & AttendanceRecord & { _id: ObjectId; } & { __v: number; }, {}, {}> & ... 4 more ... & Required<...>'.
